\BOOKMARK [0][-]{chapter*.1}{\376\377\000A\000g\000r\000a\000d\000e\000c\000i\000m\000i\000e\000n\000t\000o\000s}{}% 1
\BOOKMARK [1][-]{section*.2}{\376\377\000A\000g\000r\000a\000d\000e\000c\000i\000m\000i\000e\000n\000t\000o\000s\000\040\000d\000e\000\040\000B\000r\000y\000a\000n}{chapter*.1}% 2
\BOOKMARK [1][-]{section*.3}{\376\377\000A\000g\000r\000a\000d\000e\000c\000i\000m\000i\000e\000n\000t\000o\000s\000\040\000d\000e\000\040\000S\000e\000b\000a\000s\000t\000i\000\341\000n}{chapter*.1}% 3
\BOOKMARK [0][-]{chapter.1}{\376\377\000I\000n\000t\000r\000o\000d\000u\000c\000c\000i\000\363\000n\000\040\000y\000\040\000C\000o\000n\000t\000e\000x\000t\000o\000\040\000A\000s\000t\000r\000o\000f\000\355\000s\000i\000c\000o}{}% 4
\BOOKMARK [1][-]{section.1.1}{\376\377\000C\000o\000n\000t\000e\000x\000t\000o\000\040\000d\000e\000\040\000P\000l\000a\000s\000m\000a\000s\000\040\000R\000e\000l\000a\000t\000i\000v\000i\000s\000t\000a\000s\000\040\000y\000\040\000A\000s\000t\000r\000o\000f\000\355\000s\000i\000c\000o\000s}{chapter.1}% 5
\BOOKMARK [2][-]{subsection.1.1.1}{\376\377\000R\000e\000l\000e\000v\000a\000n\000c\000i\000a\000\040\000d\000e\000\040\000l\000a\000\040\000R\000R\000M\000H\000D\000\040\000e\000n\000\040\000C\000h\000o\000r\000r\000o\000s\000\040\000A\000s\000t\000r\000o\000f\000\355\000s\000i\000c\000o\000s\000\040\000y\000\040\000A\000G\000N}{section.1.1}% 6
\BOOKMARK [2][-]{subsection.1.1.2}{\376\377\000L\000a\000\040\000I\000n\000e\000s\000t\000a\000b\000i\000l\000i\000d\000a\000d\000\040\000d\000e\000\040\000K\000e\000l\000v\000i\000n\000-\000H\000e\000l\000m\000h\000o\000l\000t\000z\000\040\000\050\000K\000H\000I\000\051}{section.1.1}% 7
\BOOKMARK [1][-]{section.1.2}{\376\377\000T\000r\000a\000n\000s\000i\000c\000i\000\363\000n\000\040\000d\000e\000\040\000R\000M\000H\000D\000\040\000a\000\040\000R\000R\000M\000H\000D}{chapter.1}% 8
\BOOKMARK [1][-]{section.1.3}{\376\377\000O\000b\000j\000e\000t\000i\000v\000o\000s\000\040\000y\000\040\000E\000s\000t\000r\000u\000c\000t\000u\000r\000a\000\040\000d\000e\000\040\000l\000a\000\040\000M\000o\000n\000o\000g\000r\000a\000f\000\355\000a}{chapter.1}% 9
\BOOKMARK [0][-]{chapter.2}{\376\377\000M\000a\000r\000c\000o\000\040\000T\000e\000\363\000r\000i\000c\000o\000:\000\040\000F\000u\000n\000d\000a\000m\000e\000n\000t\000o\000s\000\040\000d\000e\000\040\000R\000R\000M\000H\000D}{}% 10
\BOOKMARK [1][-]{section.2.1}{\376\377\000L\000a\000s\000\040\000E\000c\000u\000a\000c\000i\000o\000n\000e\000s\000\040\000d\000e\000l\000\040\000S\000i\000s\000t\000e\000m\000a\000\040\000R\000R\000M\000H\000D}{chapter.2}% 11
\BOOKMARK [2][-]{subsection.2.1.1}{\376\377\000E\000l\000e\000c\000t\000r\000o\000d\000i\000n\000\341\000m\000i\000c\000a\000\040\000C\000o\000v\000a\000r\000i\000a\000n\000t\000e\000\040\000y\000\040\000e\000l\000\040\000T\000e\000n\000s\000o\000r\000\040\000d\000e\000\040\000C\000a\000m\000p\000o\000\040\000E\000l\000e\000c\000t\000r\000o\000m\000a\000g\000n\000\351\000t\000i\000c\000o}{section.2.1}% 12
\BOOKMARK [2][-]{subsection.2.1.2}{\376\377\000C\000o\000n\000s\000e\000r\000v\000a\000c\000i\000\363\000n\000\040\000H\000i\000d\000r\000o\000d\000i\000n\000\341\000m\000i\000c\000a\000\040\000y\000\040\000e\000l\000\040\000T\000e\000n\000s\000o\000r\000\040\000d\000e\000\040\000E\000n\000e\000r\000g\000\355\000a\000-\000M\000o\000m\000e\000n\000t\000o\000\040\000T\000o\000t\000a\000l}{section.2.1}% 13
\BOOKMARK [2][-]{subsection.2.1.3}{\376\377\000E\000l\000\040\000S\000i\000s\000t\000e\000m\000a\000\040\000A\000u\000m\000e\000n\000t\000a\000d\000o\000\040\000d\000e\000\040\000M\000a\000x\000w\000e\000l\000l}{section.2.1}% 14
\BOOKMARK [2][-]{subsection.2.1.4}{\376\377\000D\000e\000s\000c\000o\000m\000p\000o\000s\000i\000c\000i\000\363\000n\000\040\000d\000e\000\040\000l\000a\000\040\000C\000u\000a\000d\000r\000i\000c\000o\000r\000r\000i\000e\000n\000t\000e\000\040\000y\000\040\000l\000a\000\040\000L\000e\000y\000\040\000d\000e\000\040\000O\000h\000m\000\040\000R\000e\000l\000a\000t\000i\000v\000i\000s\000t\000a}{section.2.1}% 15
\BOOKMARK [2][-]{subsection.2.1.5}{\376\377\000R\000e\000s\000u\000m\000e\000n\000\040\000d\000e\000l\000\040\000S\000i\000s\000t\000e\000m\000a\000\040\000R\000R\000M\000H\000D\000\040\000e\000n\000\040\000F\000o\000r\000m\000a\000\040\000C\000o\000n\000s\000e\000r\000v\000a\000t\000i\000v\000a}{section.2.1}% 16
\BOOKMARK [1][-]{section.2.2}{\376\377\000A\000n\000\341\000l\000i\000s\000i\000s\000\040\000d\000e\000\040\000l\000a\000\040\000K\000H\000I\000\040\000e\000n\000\040\000e\000l\000\040\000L\000\355\000m\000i\000t\000e\000\040\000L\000i\000n\000e\000a\000l}{chapter.2}% 17
\BOOKMARK [2][-]{subsection.2.2.1}{\376\377\000I\000n\000e\000r\000c\000i\000a\000\040\000T\000\351\000r\000m\000i\000c\000a\000\040\000R\000e\000l\000a\000t\000i\000v\000i\000s\000t\000a\000\040\000y\000\040\000A\000n\000i\000s\000o\000t\000r\000o\000p\000\355\000a\000\040\000M\000a\000g\000n\000\351\000t\000i\000c\000a}{section.2.2}% 18
\BOOKMARK [2][-]{subsection.2.2.2}{\376\377\000E\000l\000\040\000L\000\355\000m\000i\000t\000e\000\040\000R\000e\000s\000i\000s\000t\000i\000v\000o\000\040\000y\000\040\000l\000a\000\040\000R\000u\000p\000t\000u\000r\000a\000\040\000T\000o\000p\000o\000l\000\363\000g\000i\000c\000a}{section.2.2}% 19
\BOOKMARK [2][-]{subsection.2.2.3}{\376\377\000F\000o\000r\000m\000u\000l\000a\000c\000i\000\363\000n\000\040\000G\000e\000o\000m\000\351\000t\000r\000i\000c\000a\000\040\000d\000e\000\040\000l\000a\000\040\000V\000o\000r\000t\000i\000c\000i\000d\000a\000d\000\040\000y\000\040\000E\000n\000s\000t\000r\000o\000f\000\355\000a}{section.2.2}% 20
\BOOKMARK [0][-]{chapter.3}{\376\377\000L\000a\000\040\000i\000n\000e\000s\000t\000a\000b\000i\000l\000i\000d\000a\000d\000\040\000d\000e\000\040\000K\000e\000l\000v\000i\000n\040\023\000H\000e\000l\000m\000h\000o\000l\000t\000z}{}% 21
\BOOKMARK [1][-]{section.3.1}{\376\377\000D\000e\000s\000c\000r\000i\000p\000c\000i\000\363\000n\000\040\000F\000\355\000s\000i\000c\000a\000\040\000G\000e\000n\000e\000r\000a\000l\000\040\000d\000e\000\040\000l\000a\000\040\000I\000n\000e\000s\000t\000a\000b\000i\000l\000i\000d\000a\000d}{chapter.3}% 22
\BOOKMARK [1][-]{section.3.2}{\376\377\000L\000a\000\040\000K\000H\000I\000\040\000e\000n\000\040\000M\000e\000c\000\341\000n\000i\000c\000a\000\040\000d\000e\000\040\000F\000l\000u\000i\000d\000o\000s\000\040\000C\000l\000\341\000s\000i\000c\000a}{chapter.3}% 23
\BOOKMARK [2][-]{subsection.3.2.1}{\376\377\000P\000l\000a\000n\000t\000e\000a\000m\000i\000e\000n\000t\000o\000\040\000H\000i\000d\000r\000o\000d\000i\000n\000\341\000m\000i\000c\000o}{section.3.2}% 24
\BOOKMARK [2][-]{subsection.3.2.2}{\376\377\000A\000n\000\341\000l\000i\000s\000i\000s\000\040\000L\000i\000n\000e\000a\000l\000\040\000y\000\040\000R\000e\000l\000a\000c\000i\000\363\000n\000\040\000d\000e\000\040\000D\000i\000s\000p\000e\000r\000s\000i\000\363\000n}{section.3.2}% 25
\BOOKMARK [1][-]{section.3.3}{\376\377\000E\000x\000t\000e\000n\000s\000i\000\363\000n\000\040\000M\000a\000g\000n\000e\000t\000o\000h\000i\000d\000r\000o\000d\000i\000n\000\341\000m\000i\000c\000a\000\040\000I\000d\000e\000a\000l\000\040\000\050\000M\000H\000D\000\051}{chapter.3}% 26
\BOOKMARK [1][-]{section.3.4}{\376\377\000L\000a\000\040\000K\000H\000I\000\040\000e\000n\000\040\000R\000M\000H\000D}{chapter.3}% 27
\BOOKMARK [2][-]{subsection.3.4.1}{\376\377\000C\000o\000r\000r\000e\000c\000c\000i\000o\000n\000e\000s\000\040\000R\000e\000l\000a\000t\000i\000v\000i\000s\000t\000a\000s\000\040\000y\000\040\000F\000a\000c\000t\000o\000r\000\040\000d\000e\000\040\000I\000n\000e\000r\000c\000i\000a}{section.3.4}% 28
\BOOKMARK [2][-]{subsection.3.4.2}{\376\377\000I\000m\000p\000l\000i\000c\000a\000c\000i\000o\000n\000e\000s\000\040\000A\000s\000t\000r\000o\000f\000\355\000s\000i\000c\000a\000s}{section.3.4}% 29
\BOOKMARK [1][-]{section.3.5}{\376\377\000L\000a\000\040\000K\000H\000I\000\040\000e\000n\000\040\000e\000l\000\040\000M\000a\000r\000c\000o\000\040\000d\000e\000\040\000l\000a\000\040\000R\000R\000M\000H\000D}{chapter.3}% 30
\BOOKMARK [2][-]{subsection.3.5.1}{\376\377\000E\000l\000\040\000R\000o\000l\000\040\000d\000e\000\040\000l\000a\000\040\000R\000e\000s\000i\000s\000t\000i\000v\000i\000d\000a\000d\000\040\000y\000\040\000l\000a\000\040\000R\000e\000l\000a\000j\000a\000c\000i\000\363\000n\000\040\000T\000o\000p\000o\000l\000\363\000g\000i\000c\000a}{section.3.5}% 31
\BOOKMARK [2][-]{subsection.3.5.2}{\376\377\000M\000o\000t\000i\000v\000a\000c\000i\000\363\000n\000\040\000N\000u\000m\000\351\000r\000i\000c\000a\000\040\000y\000\040\000R\000e\000l\000e\000v\000a\000n\000c\000i\000a\000\040\000C\000o\000m\000p\000u\000t\000a\000c\000i\000o\000n\000a\000l}{section.3.5}% 32
\BOOKMARK [0][-]{chapter.4}{\376\377\000E\000l\000\040\000c\000\363\000d\000i\000g\000o\000\040\000C\000u\000e\000v\000a}{}% 33
\BOOKMARK [1][-]{section.4.1}{\376\377\000D\000i\000s\000c\000r\000e\000t\000i\000z\000a\000c\000i\000\363\000n\000\040\000y\000\040\000R\000e\000c\000o\000n\000s\000t\000r\000u\000c\000c\000i\000\363\000n\000\040\000E\000s\000p\000a\000c\000i\000a\000l}{chapter.4}% 34
\BOOKMARK [2][-]{subsection.4.1.1}{\376\377\000E\000s\000q\000u\000e\000m\000a\000s\000\040\000d\000e\000\040\000V\000o\000l\000\372\000m\000e\000n\000e\000s\000\040\000F\000i\000n\000i\000t\000o\000s\000\040\000e\000n\000\040\000R\000R\000M\000H\000D}{section.4.1}% 35
\BOOKMARK [2][-]{subsection.4.1.2}{\376\377\000L\000i\000m\000i\000t\000a\000d\000o\000r\000e\000s\000\040\000d\000e\000\040\000P\000e\000n\000d\000i\000e\000n\000t\000e\000\040\000y\000\040\000R\000e\000c\000o\000n\000s\000t\000r\000u\000c\000c\000i\000\363\000n\000\040\000d\000e\000\040\000A\000l\000t\000o\000\040\000O\000r\000d\000e\000n}{section.4.1}% 36
\BOOKMARK [1][-]{section.4.2}{\376\377\000E\000l\000\040\000P\000r\000o\000b\000l\000e\000m\000a\000\040\000d\000e\000\040\000R\000i\000e\000m\000a\000n\000n\000\040\000L\000o\000c\000a\000l\000\040\000e\000n\000\040\000R\000R\000M\000H\000D}{chapter.4}% 37
\BOOKMARK [2][-]{subsection.4.2.1}{\376\377\000E\000s\000t\000r\000u\000c\000t\000u\000r\000a\000\040\000E\000s\000p\000e\000c\000t\000r\000a\000l\000\040\000d\000e\000l\000\040\000J\000a\000c\000o\000b\000i\000a\000n\000o\000\040\000C\000o\000n\000s\000e\000r\000v\000a\000t\000i\000v\000o}{section.4.2}% 38
\BOOKMARK [2][-]{subsection.4.2.2}{\376\377\000S\000i\000s\000t\000e\000m\000a\000s\000\040\000c\000o\000n\000\040\000R\000e\000l\000a\000j\000a\000c\000i\000\363\000n\000\040\000y\000\040\000l\000a\000\040\000C\000o\000n\000d\000i\000c\000i\000\363\000n\000\040\000S\000u\000b\000c\000a\000r\000a\000c\000t\000e\000r\000\355\000s\000t\000i\000c\000a}{section.4.2}% 39
\BOOKMARK [2][-]{subsection.4.2.3}{\376\377\000E\000l\000\040\000S\000o\000l\000u\000c\000i\000o\000n\000a\000d\000o\000r\000\040\000A\000p\000r\000o\000x\000i\000m\000a\000d\000o\000\040\000H\000L\000L\000\040\000y\000\040\000e\000l\000\040\000P\000a\000p\000e\000l\000\040\000d\000e\000\040\000l\000a\000\040\000R\000e\000c\000o\000n\000s\000t\000r\000u\000c\000c\000i\000\363\000n\000\040\000d\000e\000\040\000A\000l\000t\000o\000\040\000O\000r\000d\000e\000n}{section.4.2}% 40
\BOOKMARK [1][-]{section.4.3}{\376\377\000A\000c\000o\000p\000l\000a\000m\000i\000e\000n\000t\000o\000\040\000c\000o\000n\000\040\000e\000l\000\040\000s\000i\000s\000t\000e\000m\000a\000\040\000G\000L\000M}{chapter.4}% 41
\BOOKMARK [2][-]{subsection.4.3.1}{\376\377\000E\000s\000t\000r\000u\000c\000t\000u\000r\000a\000\040\000E\000s\000p\000e\000c\000t\000r\000a\000l\000\040\000d\000e\000\040\000l\000o\000s\000\040\000P\000o\000t\000e\000n\000c\000i\000a\000l\000e\000s\000\040\000A\000u\000x\000i\000l\000i\000a\000r\000e\000s}{section.4.3}% 42
\BOOKMARK [2][-]{subsection.4.3.2}{\376\377\000F\000l\000u\000j\000o\000s\000\040\000I\000n\000t\000e\000r\000m\000e\000d\000i\000o\000s\000\040\000y\000\040\000A\000m\000o\000r\000t\000i\000g\000u\000a\000m\000i\000e\000n\000t\000o\000\040\000F\000e\000n\000o\000m\000e\000n\000o\000l\000\363\000g\000i\000c\000o}{section.4.3}% 43
\BOOKMARK [1][-]{section.4.4}{\376\377\000T\000r\000a\000t\000a\000m\000i\000e\000n\000t\000o\000\040\000d\000e\000\040\000l\000a\000\040\000R\000i\000g\000i\000d\000e\000z\000:\000\040\000E\000s\000q\000u\000e\000m\000a\000s\000\040\000I\000M\000E\000X\000-\000R\000K}{chapter.4}% 44
\BOOKMARK [2][-]{subsection.4.4.1}{\376\377\000P\000a\000r\000t\000i\000c\000i\000\363\000n\000\040\000d\000e\000\040\000O\000p\000e\000r\000a\000d\000o\000r\000e\000s\000:\000\040\000I\000n\000t\000e\000g\000r\000a\000c\000i\000\363\000n\000\040\000E\000x\000p\000l\000\355\000c\000i\000t\000a\000\040\000e\000\040\000I\000m\000p\000l\000\355\000c\000i\000t\000a}{section.4.4}% 45
\BOOKMARK [2][-]{subsection.4.4.2}{\376\377\000I\000n\000v\000e\000r\000s\000i\000\363\000n\000\040\000A\000l\000g\000e\000b\000r\000a\000i\000c\000a\000\040\000L\000o\000c\000a\000l\000\040\000d\000e\000l\000\040\000T\000\351\000r\000m\000i\000n\000o\000\040\000d\000e\000\040\000C\000o\000n\000d\000u\000c\000c\000i\000\363\000n}{section.4.4}% 46
\BOOKMARK [1][-]{section.4.5}{\376\377\000R\000e\000c\000u\000p\000e\000r\000a\000c\000i\000\363\000n\000\040\000d\000e\000\040\000V\000a\000r\000i\000a\000b\000l\000e\000s\000\040\000P\000r\000i\000m\000i\000t\000i\000v\000a\000s}{chapter.4}% 47
\BOOKMARK [1][-]{section.4.6}{\376\377\000L\000\355\000m\000i\000t\000e\000s\000\040\000A\000s\000i\000n\000t\000\363\000t\000i\000c\000o\000s\000\040\000y\000\040\000C\000o\000n\000s\000i\000s\000t\000e\000n\000c\000i\000a\000\040\000d\000e\000l\000\040\000E\000s\000q\000u\000e\000m\000a}{chapter.4}% 48
\BOOKMARK [0][-]{chapter.5}{\376\377\000S\000e\000t\000-\000u\000p\000\040\000E\000x\000p\000e\000r\000i\000m\000e\000n\000t\000a\000l\000\040\000y\000\040\000m\000e\000t\000o\000d\000o\000s\000\040\000C\000u\000e\000v\000a}{}% 49
\BOOKMARK [1][-]{section.5.1}{\376\377\000C\000o\000n\000f\000i\000g\000u\000r\000a\000c\000i\000\363\000n\000\040\000E\000x\000p\000e\000r\000i\000m\000e\000n\000t\000a\000l}{chapter.5}% 50
\BOOKMARK [2][-]{subsection.5.1.1}{\376\377\000C\000o\000n\000d\000i\000c\000i\000o\000n\000e\000s\000\040\000I\000n\000i\000c\000i\000a\000l\000e\000s\000\040\000d\000e\000l\000\040\000P\000r\000o\000b\000l\000e\000m\000a}{section.5.1}% 51
\BOOKMARK [2][-]{subsection.5.1.2}{\376\377\000D\000o\000m\000i\000n\000i\000o\000\040\000C\000o\000m\000p\000u\000t\000a\000c\000i\000o\000n\000a\000l\000,\000\040\000D\000i\000s\000c\000r\000e\000t\000i\000z\000a\000c\000i\000\363\000n\000\040\000y\000\040\000S\000i\000s\000t\000e\000m\000a\000\040\000d\000e\000\040\000U\000n\000i\000d\000a\000d\000e\000s}{section.5.1}% 52
\BOOKMARK [2][-]{subsection.5.1.3}{\376\377\000P\000r\000i\000m\000e\000r\000a\000\040\000c\000a\000m\000p\000a\000\361\000a\000:\000\040\000v\000a\000r\000i\000a\000c\000i\000\363\000n\000\040\000d\000e\000\040\000l\000a\000\040\000c\000o\000n\000d\000u\000c\000t\000i\000v\000i\000d\000a\000d\000\040\000\050\000o\000b\000j\000e\000t\000i\000v\000o\000s\000\040\0001\040\023\0003\000\051}{section.5.1}% 53
\BOOKMARK [2][-]{subsection.5.1.4}{\376\377\000S\000e\000g\000u\000n\000d\000a\000\040\000c\000a\000m\000p\000a\000\361\000a\000:\000\040\000v\000a\000r\000i\000a\000c\000i\000\363\000n\000\040\000d\000e\000l\000\040\000c\000a\000m\000p\000o\000\040\000m\000a\000g\000n\000\351\000t\000i\000c\000o\000\040\000\050\000o\000b\000j\000e\000t\000i\000v\000o\000\040\0004\000\051}{section.5.1}% 54
\BOOKMARK [2][-]{subsection.5.1.5}{\376\377\000V\000a\000r\000i\000a\000b\000l\000e\000s\000\040\000d\000e\000\040\000C\000o\000n\000t\000r\000o\000l\000\040\000y\000\040\000D\000i\000a\000g\000n\000\363\000s\000t\000i\000c\000o}{section.5.1}% 55
\BOOKMARK [0][-]{chapter.6}{\376\377\000R\000e\000s\000u\000l\000t\000a\000d\000o\000s\000\040\000y\000\040\000a\000n\000\341\000l\000i\000s\000i\000s\000\040\000d\000e\000\040\000l\000a\000\040\000K\000H\000I}{}% 56
\BOOKMARK [1][-]{section.6.1}{\376\377\000V\000i\000s\000i\000\363\000n\000\040\000g\000l\000o\000b\000a\000l\000\040\000d\000e\000l\000\040\000b\000a\000r\000r\000i\000d\000o\000\040\000p\000a\000r\000a\000m\000\351\000t\000r\000i\000c\000o}{chapter.6}% 57
\BOOKMARK [2][-]{subsection.6.1.1}{\376\377\000T\000r\000a\000y\000e\000c\000t\000o\000r\000i\000a\000s\000\040\000t\000e\000m\000p\000o\000r\000a\000l\000e\000s\000\040\000d\000e\000l\000\040\000b\000a\000r\000r\000i\000d\000o}{section.6.1}% 58
\BOOKMARK [2][-]{subsection.6.1.2}{\376\377\000E\000x\000t\000r\000a\000c\000c\000i\000\363\000n\000\040\000d\000e\000\040\000l\000a\000\040\000t\000a\000s\000a\000\040\000d\000e\000\040\000c\000r\000e\000c\000i\000m\000i\000e\000n\000t\000o\000\040\000y\000\040\000c\000a\000l\000i\000d\000a\000d\000\040\000d\000e\000l\000\040\000a\000j\000u\000s\000t\000e\000\040\000l\000i\000n\000e\000a\000l}{section.6.1}% 59
\BOOKMARK [2][-]{subsection.6.1.3}{\376\377\000T\000a\000b\000l\000a\000\040\000c\000a\000n\000\363\000n\000i\000c\000a\000\040\000d\000e\000l\000\040\000b\000a\000r\000r\000i\000d\000o\000\040\000e\000n\000\040\000c\000o\000n\000d\000u\000c\000t\000i\000v\000i\000d\000a\000d}{section.6.1}% 60
\BOOKMARK [1][-]{section.6.2}{\376\377\000M\000o\000d\000e\000l\000o\000\040\000s\000i\000g\000m\000o\000i\000d\000e\000\040\000c\000o\000n\000\040\000o\000f\000f\000s\000e\000t}{chapter.6}% 61
\BOOKMARK [2][-]{subsection.6.2.1}{\376\377\000R\000e\000s\000u\000l\000t\000a\000d\000o\000s\000\040\000d\000e\000l\000\040\000a\000j\000u\000s\000t\000e}{section.6.2}% 62
\BOOKMARK [1][-]{section.6.3}{\376\377\000V\000a\000l\000i\000d\000a\000c\000i\000\363\000n\000\040\000e\000s\000t\000a\000d\000\355\000s\000t\000i\000c\000a\000\040\000d\000e\000l\000\040\000m\000o\000d\000e\000l\000o}{chapter.6}% 63
\BOOKMARK [1][-]{section.6.4}{\376\377\000C\000o\000n\000d\000u\000c\000t\000i\000v\000i\000d\000a\000d\000\040\000c\000r\000\355\000t\000i\000c\000a\000\040\000c\000r\000i\000t}{chapter.6}% 64
\BOOKMARK [1][-]{section.6.5}{\376\377\000L\000e\000y\000e\000s\000\040\000d\000e\000\040\000p\000o\000t\000e\000n\000c\000i\000a\000\040\000p\000a\000r\000a\000\040\000z\000p\000m\000x\000\050\000\051}{chapter.6}% 65
\BOOKMARK [1][-]{section.6.6}{\376\377\000V\000a\000r\000i\000a\000b\000l\000e\000s\000\040\000g\000l\000o\000b\000a\000l\000e\000s\000\040\000y\000\040\000e\000s\000t\000r\000u\000c\000t\000u\000r\000a\000s\000\040\000s\000e\000c\000u\000n\000d\000a\000r\000i\000a\000s}{chapter.6}% 66
\BOOKMARK [2][-]{subsection.6.6.1}{\376\377\000C\000o\000r\000r\000i\000e\000n\000t\000e\000s\000,\000\040\000d\000i\000s\000i\000p\000a\000c\000i\000\363\000n\000\040\000y\000\040\000t\000o\000p\000o\000l\000o\000g\000\355\000a\000\040\000d\000e\000l\000\040\000t\000r\000a\000n\000s\000i\000t\000o\000r\000i\000o\000\040\000e\000l\000e\000c\000t\000r\000o\000m\000a\000g\000n\000\351\000t\000i\000c\000o}{section.6.6}% 67
\BOOKMARK [2][-]{subsection.6.6.2}{\376\377\000E\000s\000t\000r\000u\000c\000t\000u\000r\000a\000s\000\040\000s\000e\000c\000u\000n\000d\000a\000r\000i\000a\000s\000\040\000y\000\040\000a\000n\000i\000s\000o\000t\000r\000o\000p\000\355\000a\000\040\000f\000u\000e\000r\000a\000\040\000d\000e\000l\000\040\000p\000l\000a\000n\000o}{section.6.6}% 68
\BOOKMARK [1][-]{section.6.7}{\376\377\000C\000o\000n\000t\000r\000a\000s\000t\000e\000\040\000c\000o\000n\000\040\000l\000a\000\040\000t\000e\000o\000r\000\355\000a\000\040\000l\000i\000n\000e\000a\000l}{chapter.6}% 69
\BOOKMARK [2][-]{subsection.6.7.1}{\376\377\000T\000e\000c\000h\000o\000\040\000h\000i\000d\000r\000o\000d\000i\000n\000\341\000m\000i\000c\000o\000\040\000i\000n\000v\000i\000s\000c\000i\000d\000o\000\040\000\050\000e\000c\000u\000a\000c\000i\000\363\000n\000\040\000d\000e\000\040\000R\000a\000y\000l\000e\000i\000g\000h\000\051}{section.6.7}% 70
\BOOKMARK [2][-]{subsection.6.7.2}{\376\377\000E\000l\000\040\000c\000a\000r\000\341\000c\000t\000e\000r\000\040\000d\000u\000a\000l\000\040\000d\000e\000l\000\040\000m\000o\000n\000t\000a\000j\000e\000\040\000n\000o\000\040\000a\000l\000t\000e\000r\000a\000\040\000e\000l\000\040\000t\000e\000c\000h\000o}{section.6.7}% 71
\BOOKMARK [2][-]{subsection.6.7.3}{\376\377\000P\000r\000e\000d\000i\000c\000c\000i\000\363\000n\000\040\000R\000M\000H\000D\000\040\000c\000o\000m\000p\000r\000e\000s\000i\000b\000l\000e\000\040\000\050\000L\000e\000e\000s\040\023\000L\000i\000n\000\051}{section.6.7}% 72
\BOOKMARK [2][-]{subsection.6.7.4}{\376\377\000V\000e\000l\000o\000c\000i\000d\000a\000d\000e\000s\000\040\000c\000a\000r\000a\000c\000t\000e\000r\000\355\000s\000t\000i\000c\000a\000s\000\040\000y\000\040\000n\000\372\000m\000e\000r\000o\000s\000\040\000d\000e\000\040\000M\000a\000c\000h}{section.6.7}% 73
\BOOKMARK [2][-]{subsection.6.7.5}{\376\377\000C\000o\000n\000t\000r\000a\000s\000t\000e\000\040\000c\000o\000n\000\040\000l\000o\000s\000\040\000m\000a\000r\000c\000o\000s\000\040\000M\000H\000D\000,\000\040\000R\000M\000H\000D\000\040\000y\000\040\000R\000R\000M\000H\000D}{section.6.7}% 74
\BOOKMARK [2][-]{subsection.6.7.6}{\376\377\000B\000u\000e\000n\000\040\000p\000l\000a\000n\000t\000e\000a\000m\000i\000e\000n\000t\000o\000\040\000y\000\040\000p\000a\000p\000e\000l\000\040\000d\000e\000\040\000l\000a\000\040\000r\000e\000s\000i\000s\000t\000i\000v\000i\000d\000a\000d}{section.6.7}% 75
\BOOKMARK [1][-]{section.6.8}{\376\377\000V\000a\000r\000i\000a\000c\000i\000\363\000n\000\040\000d\000e\000l\000\040\000c\000a\000m\000p\000o\000\040\000m\000a\000g\000n\000\351\000t\000i\000c\000o}{chapter.6}% 76
\BOOKMARK [2][-]{subsection.6.8.1}{\376\377\000I\000m\000p\000a\000c\000t\000o\000\040\000d\000e\000\040\000l\000a\000\040\000i\000n\000t\000e\000n\000s\000i\000d\000a\000d\000\040\000d\000e\000l\000\040\000c\000a\000m\000p\000o\000\040\000m\000a\000g\000n\000\351\000t\000i\000c\000o\000\040\000e\000n\000\040\000e\000l\000\040\000d\000e\000s\000a\000r\000r\000o\000l\000l\000o\000\040\000d\000e\000\040\000l\000a\000\040\000i\000n\000e\000s\000t\000a\000b\000i\000l\000i\000d\000a\000d}{section.6.8}% 77
\BOOKMARK [2][-]{subsection.6.8.2}{\376\377\000I\000m\000p\000a\000c\000t\000o\000\040\000d\000e\000\040\000l\000a\000\040\000o\000r\000i\000e\000n\000t\000a\000c\000i\000\363\000n\000\040\000d\000e\000l\000\040\000c\000a\000m\000p\000o\000\040\000m\000a\000g\000n\000\351\000t\000i\000c\000o}{section.6.8}% 78
\BOOKMARK [2][-]{subsection.6.8.3}{\376\377\000B\000a\000l\000a\000n\000c\000e\000\040\000e\000n\000e\000r\000g\000\351\000t\000i\000c\000o\000\040\000y\000\040\000p\000r\000o\000c\000e\000s\000o\000s\000\040\000d\000i\000s\000i\000p\000a\000t\000i\000v\000o\000s}{section.6.8}% 79
\BOOKMARK [1][-]{section.6.9}{\376\377\000L\000i\000m\000i\000t\000a\000c\000i\000o\000n\000e\000s\000\040\000d\000e\000l\000\040\000a\000n\000\341\000l\000i\000s\000i\000s\000\040\000y\000\040\000p\000e\000r\000s\000p\000e\000c\000t\000i\000v\000a\000s}{chapter.6}% 80
\BOOKMARK [0][-]{chapter.7}{\376\377\000C\000o\000n\000c\000l\000u\000s\000i\000o\000n\000e\000s\000\040\000y\000\040\000P\000e\000r\000s\000p\000e\000c\000t\000i\000v\000a\000s\000\040\000F\000u\000t\000u\000r\000a\000s}{}% 81
\BOOKMARK [1][-]{section.7.1}{\376\377\000C\000o\000n\000c\000l\000u\000s\000i\000o\000n\000e\000s\000\040\000p\000o\000r\000\040\000o\000b\000j\000e\000t\000i\000v\000o}{chapter.7}% 82
\BOOKMARK [1][-]{section.7.2}{\376\377\000L\000i\000m\000i\000t\000a\000c\000i\000o\000n\000e\000s\000\040\000d\000e\000l\000\040\000M\000o\000d\000e\000l\000o\000\040\000y\000\040\000l\000a\000\040\000S\000i\000m\000u\000l\000a\000c\000i\000\363\000n}{chapter.7}% 83
\BOOKMARK [1][-]{section.7.3}{\376\377\000T\000r\000a\000b\000a\000j\000o\000\040\000F\000u\000t\000u\000r\000o}{chapter.7}% 84
\BOOKMARK [0][-]{appendix.Alph1}{\376\377\000A\000p\000\351\000n\000d\000i\000c\000e\000s}{}% 85
\BOOKMARK [1][-]{section.Alph1.1}{\376\377\000J\000u\000s\000t\000i\000f\000i\000c\000a\000c\000i\000\363\000n\000\040\000d\000e\000\040\000C\000+\0000\000:\000\040\000d\000e\000r\000i\000v\000a\000c\000i\000\363\000n\000\040\000p\000a\000s\000o\000\040\000a\000\040\000p\000a\000s\000o}{appendix.Alph1}% 86
\BOOKMARK [2][-]{subsection.Alph1.1.1}{\376\377\000E\000l\000\040\000s\000i\000s\000t\000e\000m\000a\000\040\000q\000u\000e\000\040\000r\000e\000s\000u\000e\000l\000v\000e\000\040\000C\000u\000e\000v\000a\000\040\000y\000\040\000s\000u\000\040\000c\000o\000r\000r\000e\000s\000p\000o\000n\000d\000e\000n\000c\000i\000a\000\040\000c\000o\000n\000\040\000M\000i\000r\000a\000n\000d\000a}{section.Alph1.1}% 87
\BOOKMARK [2][-]{subsection.Alph1.1.2}{\376\377\000E\000l\000\040\000o\000b\000s\000e\000r\000v\000a\000b\000l\000e\000:\000\040\000p\000o\000r\000\040\000q\000u\000\351\000\040\000z\000p\000\040\000c\000r\000e\000c\000e\000\040\000a\000\040\000p\000e\000n\000d\000i\000e\000n\000t\000e\000\040\0002\000K\000H\000I}{section.Alph1.1}% 88
\BOOKMARK [2][-]{subsection.Alph1.1.3}{\376\377\000T\000e\000r\000m\000o\000d\000i\000n\000\341\000m\000i\000c\000a\000\040\000r\000e\000l\000a\000t\000i\000v\000i\000s\000t\000a\000\040\000y\000\040\000v\000e\000l\000o\000c\000i\000d\000a\000d\000e\000s\000\040\000c\000a\000r\000a\000c\000t\000e\000r\000\355\000s\000t\000i\000c\000a\000s}{section.Alph1.1}% 89
\BOOKMARK [2][-]{subsection.Alph1.1.4}{\376\377\000N\000\372\000m\000e\000r\000o\000s\000\040\000d\000e\000\040\000M\000a\000c\000h\000:\000\040\000l\000a\000\040\000d\000i\000s\000t\000i\000n\000c\000i\000\363\000n\000\040\000M\000f\000\040\000v\000s\000\040\000M\000r\000e}{section.Alph1.1}% 90
\BOOKMARK [2][-]{subsection.Alph1.1.5}{\376\377\000T\000e\000c\000h\000o\000\040\000i\000n\000v\000i\000s\000c\000i\000d\000o\000:\000\040\000e\000c\000u\000a\000c\000i\000\363\000n\000\040\000d\000e\000\040\000R\000a\000y\000l\000e\000i\000g\000h\000\040\000d\000e\000s\000d\000e\000\040\000E\000u\000l\000e\000r}{section.Alph1.1}% 91
\BOOKMARK [2][-]{subsection.Alph1.1.6}{\376\377\000P\000r\000e\000d\000i\000c\000c\000i\000\363\000n\000\040\000c\000o\000m\000p\000r\000e\000s\000i\000b\000l\000e\000\040\000e\000x\000a\000c\000t\000a\000:\000\040\000e\000c\000u\000a\000c\000i\000\363\000n\000\040\000d\000e\000\040\000L\000e\000e\000s\040\023\000L\000i\000n}{section.Alph1.1}% 92
\BOOKMARK [2][-]{subsection.Alph1.1.7}{\376\377\000D\000i\000s\000p\000e\000r\000s\000i\000\363\000n\000\040\000R\000M\000H\000D\000\040\000d\000e\000\040\000v\000o\000r\000t\000e\000x\000\040\000s\000h\000e\000e\000t\000\040\000y\000\040\000u\000m\000b\000r\000a\000l\000\040\000d\000e\000\040\000L\000a\000n\000d\000a\000u}{section.Alph1.1}% 93
\BOOKMARK [2][-]{subsection.Alph1.1.8}{\376\377\000R\000e\000c\000o\000n\000s\000t\000r\000u\000c\000c\000i\000\363\000n\000\040\000d\000e\000\040\000l\000o\000s\000\040\000e\000s\000t\000i\000m\000a\000d\000o\000r\000e\000s\000\040\000d\000e\000\040\000c\000r\000i\000t}{section.Alph1.1}% 94
\BOOKMARK [2][-]{subsection.Alph1.1.9}{\376\377\000V\000e\000r\000e\000d\000i\000c\000t\000o\000:\000\040\000v\000a\000l\000i\000d\000e\000z\000\040\000t\000e\000\363\000r\000i\000c\000a\000\040\000d\000e\000l\000\040\000m\000o\000n\000t\000a\000j\000e}{section.Alph1.1}% 95
\BOOKMARK [1][-]{section.Alph1.2}{\376\377\000D\000e\000s\000a\000r\000r\000o\000l\000l\000o\000\040\000e\000n\000\040\000c\000o\000m\000p\000o\000n\000e\000n\000t\000e\000s\000\040\000d\000e\000l\000\040\000t\000e\000n\000s\000o\000r\000\040\000d\000e\000\040\000F\000a\000r\000a\000d\000a\000y\000\040\000F\000=\000d\000A}{appendix.Alph1}% 96
\BOOKMARK [1][-]{section.Alph1.3}{\376\377\000T\000\351\000c\000n\000i\000c\000a\000s\000\040\000e\000s\000t\000a\000d\000\355\000s\000t\000i\000c\000a\000s\000\040\000e\000m\000p\000l\000e\000a\000d\000a\000s\000\040\000e\000n\000\040\000e\000l\000\040\000a\000n\000\341\000l\000i\000s\000i\000s\000\040\000c\000u\000a\000n\000t\000i\000t\000a\000t\000i\000v\000o}{appendix.Alph1}% 97
\BOOKMARK [2][-]{subsection.Alph1.3.1}{\376\377\000R\000e\000g\000r\000e\000s\000i\000\363\000n\000\040\000l\000i\000n\000e\000a\000l\000\040\000y\000\040\000c\000o\000e\000f\000i\000c\000i\000e\000n\000t\000e\000\040\000d\000e\000\040\000d\000e\000t\000e\000r\000m\000i\000n\000a\000c\000i\000\363\000n\000\040\000R\000\262}{section.Alph1.3}% 98
\BOOKMARK [2][-]{subsection.Alph1.3.2}{\376\377\000A\000j\000u\000s\000t\000e\000\040\000n\000o\000\040\000l\000i\000n\000e\000a\000l\000\040\000p\000o\000r\000\040\000m\000\355\000n\000i\000m\000o\000s\000\040\000c\000u\000a\000d\000r\000a\000d\000o\000s\000:\000\040\000m\000o\000d\000e\000l\000o\000\040\000s\000i\000g\000m\000o\000i\000d\000e\000\040\000c\000o\000n\000\040\000o\000f\000f\000s\000e\000t}{section.Alph1.3}% 99
\BOOKMARK [2][-]{subsection.Alph1.3.3}{\376\377\000C\000r\000i\000t\000e\000r\000i\000o\000\040\000d\000e\000\040\000i\000n\000f\000o\000r\000m\000a\000c\000i\000\363\000n\000\040\000d\000e\000\040\000A\000k\000a\000i\000k\000e\000\040\000\050\000A\000I\000C\000\051}{section.Alph1.3}% 100
\BOOKMARK [2][-]{subsection.Alph1.3.4}{\376\377\000T\000e\000s\000t\000\040\000d\000e\000\040\000r\000a\000c\000h\000a\000s\000\040\000\050\000W\000a\000l\000d\000-\000W\000o\000l\000f\000o\000w\000i\000t\000z\000\051}{section.Alph1.3}% 101
\BOOKMARK [2][-]{subsection.Alph1.3.5}{\376\377\000E\000s\000t\000i\000m\000a\000c\000i\000\363\000n\000\040\000j\000a\000c\000k\000k\000n\000i\000f\000e\000\040\000\050\000l\000e\000a\000v\000e\000-\000o\000n\000e\000-\000o\000u\000t\000\051}{section.Alph1.3}% 102
\BOOKMARK [2][-]{subsection.Alph1.3.6}{\376\377\000V\000a\000l\000i\000d\000a\000c\000i\000\363\000n\000\040\000c\000r\000u\000z\000a\000d\000a\000\040\000h\000o\000l\000d\000-\000o\000u\000t}{section.Alph1.3}% 103
\BOOKMARK [2][-]{subsection.Alph1.3.7}{\376\377\000M\000e\000d\000i\000a\000\040\000p\000o\000n\000d\000e\000r\000a\000d\000a\000\040\000p\000o\000r\000\040\000i\000n\000v\000e\000r\000s\000o\000\040\000d\000e\000\040\000l\000a\000\040\000v\000a\000r\000i\000a\000n\000z\000a}{section.Alph1.3}% 104
\BOOKMARK [2][-]{subsection.Alph1.3.8}{\376\377\000A\000j\000u\000s\000t\000e\000\040\000e\000n\000\040\000e\000s\000c\000a\000l\000a\000\040\000l\000o\000g\000a\000r\000\355\000t\000m\000i\000c\000a\000:\000\040\000l\000e\000y\000e\000s\000\040\000d\000e\000\040\000p\000o\000t\000e\000n\000c\000i\000a}{section.Alph1.3}% 105
\BOOKMARK [2][-]{subsection.Alph1.3.9}{\376\377\000D\000e\000r\000i\000v\000a\000d\000a\000\040\000l\000o\000g\000a\000r\000\355\000t\000m\000i\000c\000a\000\040\000d\000i\000s\000c\000r\000e\000t\000a\000\040\000y\000\040\000l\000o\000c\000a\000l\000i\000z\000a\000c\000i\000\363\000n\000\040\000d\000e\000\040\000i\000n\000f\000l\000e\000x\000i\000o\000n\000e\000s}{section.Alph1.3}% 106
\BOOKMARK [2][-]{subsection.Alph1.3.10}{\376\377\000R\000e\000s\000o\000l\000u\000c\000i\000\363\000n\000\040\000d\000e\000l\000\040\000p\000r\000o\000b\000l\000e\000m\000a\000\040\000d\000e\000\040\000a\000u\000t\000o\000v\000a\000l\000o\000r\000e\000s\000:\000\040\000e\000c\000u\000a\000c\000i\000\363\000n\000\040\000d\000e\000\040\000R\000a\000y\000l\000e\000i\000g\000h}{section.Alph1.3}% 107
\BOOKMARK [2][-]{subsection.Alph1.3.11}{\376\377\000G\000u\000\355\000a\000\040\000d\000e\000\040\000i\000n\000t\000e\000r\000p\000r\000e\000t\000a\000c\000i\000\363\000n\000\040\000t\000o\000p\000o\000l\000\363\000g\000i\000c\000a\000:\000\040\000D\000e\000r\000i\000v\000a\000d\000a\000\040\000l\000o\000g\000a\000r\000\355\000t\000m\000i\000c\000a\000\040\000c\000o\000m\000o\000\040\000o\000b\000s\000e\000r\000v\000a\000b\000l\000e\000\040\000d\000e\000\040\000t\000r\000a\000n\000s\000i\000c\000i\000\363\000n}{section.Alph1.3}% 108
\BOOKMARK [0][-]{appendix.Alph2}{\376\377\000R\000e\000c\000u\000r\000s\000o\000s\000\040\000c\000o\000m\000p\000u\000t\000a\000c\000i\000o\000n\000a\000l\000e\000s}{}% 109
\BOOKMARK [1][-]{subsection.Alph2.0.1}{\376\377\000E\000s\000p\000e\000c\000i\000f\000i\000c\000a\000c\000i\000o\000n\000e\000s\000\040\000d\000e\000\040\000l\000a\000\040\000m\000\341\000q\000u\000i\000n\000a}{appendix.Alph2}% 110
\BOOKMARK [2][-]{subsection.Alph2.0.2}{\376\377\000T\000r\000a\000b\000a\000j\000o\000\040\000r\000e\000a\000l\000i\000z\000a\000d\000o\000\040\000y\000\040\000t\000i\000e\000m\000p\000o\000\040\000d\000e\000\040\000c\000\363\000m\000p\000u\000t\000o}{subsection.Alph2.0.1}% 111
